ARM Linker, 5.03 [Build 76] [MDK-ARM Professional]

==============================================================================

Section Cross References

    startup_efm32gg.o(STACK) refers (Special) to heapauxi.o(.text) for __use_two_region_memory
    startup_efm32gg.o(HEAP) refers (Special) to heapauxi.o(.text) for __use_two_region_memory
    startup_efm32gg.o(RESET) refers (Special) to heapauxi.o(.text) for __use_two_region_memory
    startup_efm32gg.o(RESET) refers to startup_efm32gg.o(STACK) for __initial_sp
    startup_efm32gg.o(RESET) refers to startup_efm32gg.o(.text) for Reset_Handler
    startup_efm32gg.o(RESET) refers to port.o(.emb_text) for SVC_Handler
    startup_efm32gg.o(RESET) refers to port.o(.text) for SysTick_Handler
    startup_efm32gg.o(RESET) refers to main.o(.text) for GPIO_ODD_IRQHandler
    startup_efm32gg.o(.text) refers (Special) to heapauxi.o(.text) for __use_two_region_memory
    startup_efm32gg.o(.text) refers to system_efm32gg.o(.text) for SystemInit
    startup_efm32gg.o(.text) refers to __main.o(!!!main) for __main
    startup_efm32gg.o(.text) refers to startup_efm32gg.o(HEAP) for Heap_Mem
    startup_efm32gg.o(.text) refers to startup_efm32gg.o(STACK) for Stack_Mem
    system_efm32gg.o(.text) refers to system_efm32gg.o(.data) for SystemLFXOClock
    main.o(.text) refers to tasks.o(.text) for vTaskDelete
    main.o(.text) refers to em_cmu.o(.text) for CMU_ClockEnable
    main.o(.text) refers to em_gpio.o(.text) for GPIO_PinModeSet
    main.o(.text) refers to em_system.o(.text) for SYSTEM_ChipRevisionGet
    main.o(.text) refers to system_efm32gg.o(.text) for SystemInit
    em_cmu.o(.text) refers to system_efm32gg.o(.text) for SystemHFClockGet
    em_emu.o(.text) refers to em_cmu.o(.text) for CMU_ClockSelectGet
    em_emu.o(.text) refers to system_efm32gg.o(.text) for SystemCoreClockGet
    em_emu.o(.text) refers to em_emu.o(.data) for cmuStatus
    em_rmu.o(.text) refers to em_rmu.o(.constdata) for resetCauseMasks
    tasks.o(.text) refers to list.o(.text) for vListInitialise
    tasks.o(.text) refers to heap_4.o(.text) for pvPortMalloc
    tasks.o(.text) refers to aeabi_memset.o(.text) for __aeabi_memset
    tasks.o(.text) refers to port.o(.emb_text) for ulPortSetInterruptMask
    tasks.o(.text) refers to port.o(.text) for pxPortInitialiseStack
    tasks.o(.text) refers to tasks.o(.bss) for pxReadyTasksLists
    tasks.o(.text) refers to tasks.o(.data) for pxDelayedTaskList
    tasks.o(.text) refers to main.o(.text) for xTimerCreateTimerTask
    heap_4.o(.text) refers to port.o(.emb_text) for ulPortSetInterruptMask
    heap_4.o(.text) refers to tasks.o(.text) for vTaskSuspendAll
    heap_4.o(.text) refers to heap_4.o(.data) for xStart
    heap_4.o(.text) refers to heap_4.o(.bss) for ucHeap
    port.o(.emb_text) refers to tasks.o(.text) for vTaskSwitchContext
    port.o(.emb_text) refers to tasks.o(.data) for pxCurrentTCB
    port.o(.text) refers to port.o(.emb_text) for ulPortSetInterruptMask
    port.o(.text) refers to tasks.o(.text) for xTaskIncrementTick
    port.o(.text) refers to port.o(.data) for uxCriticalNesting
    aeabi_memset.o(.text) refers to rt_memclr.o(.text) for _memset
    __main.o(!!!main) refers to rtentry.o(.ARM.Collect$$rtentry$$00000000) for __rt_entry
    rtentry.o(.ARM.Collect$$rtentry$$00000000) refers (Special) to rtentry2.o(.ARM.Collect$$rtentry$$0000000A) for __rt_entry_li
    rtentry.o(.ARM.Collect$$rtentry$$00000000) refers (Special) to rtentry2.o(.ARM.Collect$$rtentry$$0000000D) for __rt_entry_main
    rtentry.o(.ARM.Collect$$rtentry$$00000000) refers (Special) to rtentry2.o(.ARM.Collect$$rtentry$$0000000C) for __rt_entry_postli_1
    rtentry.o(.ARM.Collect$$rtentry$$00000000) refers (Special) to rtentry2.o(.ARM.Collect$$rtentry$$00000009) for __rt_entry_postsh_1
    rtentry.o(.ARM.Collect$$rtentry$$00000000) refers (Special) to rtentry2.o(.ARM.Collect$$rtentry$$00000002) for __rt_entry_presh_1
    rtentry.o(.ARM.Collect$$rtentry$$00000000) refers (Special) to rtentry4.o(.ARM.Collect$$rtentry$$00000004) for __rt_entry_sh
    rt_memclr.o(.text) refers to rt_memclr_w.o(.text) for _memset_w
    rtentry2.o(.ARM.Collect$$rtentry$$00000008) refers to boardinit2.o(.text) for _platform_post_stackheap_init
    rtentry2.o(.ARM.Collect$$rtentry$$0000000A) refers to libinit.o(.ARM.Collect$$libinit$$00000000) for __rt_lib_init
    rtentry2.o(.ARM.Collect$$rtentry$$0000000B) refers to boardinit3.o(.text) for _platform_post_lib_init
    rtentry2.o(.ARM.Collect$$rtentry$$0000000D) refers to main.o(.text) for main
    rtentry2.o(.ARM.Collect$$rtentry$$0000000D) refers to exit.o(.text) for exit
    rtentry2.o(.ARM.exidx) refers to rtentry2.o(.ARM.Collect$$rtentry$$00000001) for .ARM.Collect$$rtentry$$00000001
    rtentry2.o(.ARM.exidx) refers to rtentry2.o(.ARM.Collect$$rtentry$$00000008) for .ARM.Collect$$rtentry$$00000008
    rtentry2.o(.ARM.exidx) refers to rtentry2.o(.ARM.Collect$$rtentry$$0000000A) for .ARM.Collect$$rtentry$$0000000A
    rtentry2.o(.ARM.exidx) refers to rtentry2.o(.ARM.Collect$$rtentry$$0000000B) for .ARM.Collect$$rtentry$$0000000B
    rtentry2.o(.ARM.exidx) refers to rtentry2.o(.ARM.Collect$$rtentry$$0000000D) for .ARM.Collect$$rtentry$$0000000D
    rtentry4.o(.ARM.Collect$$rtentry$$00000004) refers to sys_stackheap_outer.o(.text) for __user_setup_stackheap
    rtentry4.o(.ARM.exidx) refers to rtentry4.o(.ARM.Collect$$rtentry$$00000004) for .ARM.Collect$$rtentry$$00000004
    sys_stackheap_outer.o(.text) refers to libspace.o(.text) for __user_perproc_libspace
    sys_stackheap_outer.o(.text) refers to startup_efm32gg.o(.text) for __user_initial_stackheap
    exit.o(.text) refers to rtexit.o(.ARM.Collect$$rtexit$$00000000) for __rt_exit
    libinit.o(.ARM.Collect$$libinit$$00000000) refers (Special) to libinit2.o(.ARM.Collect$$libinit$$0000002C) for __rt_lib_init_alloca_1
    libinit.o(.ARM.Collect$$libinit$$00000000) refers (Special) to libinit2.o(.ARM.Collect$$libinit$$0000002A) for __rt_lib_init_argv_1
    libinit.o(.ARM.Collect$$libinit$$00000000) refers (Special) to libinit2.o(.ARM.Collect$$libinit$$00000019) for __rt_lib_init_atexit_1
    libinit.o(.ARM.Collect$$libinit$$00000000) refers (Special) to libinit2.o(.ARM.Collect$$libinit$$0000001F) for __rt_lib_init_clock_1
    libinit.o(.ARM.Collect$$libinit$$00000000) refers (Special) to libinit2.o(.ARM.Collect$$libinit$$00000030) for __rt_lib_init_cpp_1
    libinit.o(.ARM.Collect$$libinit$$00000000) refers (Special) to libinit2.o(.ARM.Collect$$libinit$$0000002E) for __rt_lib_init_exceptions_1
    libinit.o(.ARM.Collect$$libinit$$00000000) refers (Special) to libinit2.o(.ARM.Collect$$libinit$$00000002) for __rt_lib_init_fp_1
    libinit.o(.ARM.Collect$$libinit$$00000000) refers (Special) to libinit2.o(.ARM.Collect$$libinit$$0000001D) for __rt_lib_init_fp_trap_1
    libinit.o(.ARM.Collect$$libinit$$00000000) refers (Special) to libinit2.o(.ARM.Collect$$libinit$$00000021) for __rt_lib_init_getenv_1
    libinit.o(.ARM.Collect$$libinit$$00000000) refers (Special) to libinit2.o(.ARM.Collect$$libinit$$00000008) for __rt_lib_init_heap_1
    libinit.o(.ARM.Collect$$libinit$$00000000) refers (Special) to libinit2.o(.ARM.Collect$$libinit$$0000000F) for __rt_lib_init_lc_collate_1
    libinit.o(.ARM.Collect$$libinit$$00000000) refers (Special) to libinit2.o(.ARM.Collect$$libinit$$00000011) for __rt_lib_init_lc_ctype_1
    libinit.o(.ARM.Collect$$libinit$$00000000) refers (Special) to libinit2.o(.ARM.Collect$$libinit$$00000013) for __rt_lib_init_lc_monetary_1
    libinit.o(.ARM.Collect$$libinit$$00000000) refers (Special) to libinit2.o(.ARM.Collect$$libinit$$00000015) for __rt_lib_init_lc_numeric_1
    libinit.o(.ARM.Collect$$libinit$$00000000) refers (Special) to libinit2.o(.ARM.Collect$$libinit$$00000017) for __rt_lib_init_lc_time_1
    libinit.o(.ARM.Collect$$libinit$$00000000) refers (Special) to libinit2.o(.ARM.Collect$$libinit$$0000000C) for __rt_lib_init_rand_1
    libinit.o(.ARM.Collect$$libinit$$00000000) refers (Special) to libinit2.o(.ARM.Collect$$libinit$$00000031) for __rt_lib_init_return
    libinit.o(.ARM.Collect$$libinit$$00000000) refers (Special) to libinit2.o(.ARM.Collect$$libinit$$0000001B) for __rt_lib_init_signal_1
    libinit.o(.ARM.Collect$$libinit$$00000000) refers (Special) to libinit2.o(.ARM.Collect$$libinit$$00000023) for __rt_lib_init_stdio_1
    libinit.o(.ARM.Collect$$libinit$$00000000) refers (Special) to libinit2.o(.ARM.Collect$$libinit$$0000000A) for __rt_lib_init_user_alloc_1
    libspace.o(.text) refers to libspace.o(.bss) for __libspace_start
    rtexit.o(.ARM.Collect$$rtexit$$00000000) refers (Special) to rtexit2.o(.ARM.Collect$$rtexit$$00000004) for __rt_exit_exit
    rtexit.o(.ARM.Collect$$rtexit$$00000000) refers (Special) to rtexit2.o(.ARM.Collect$$rtexit$$00000003) for __rt_exit_ls
    rtexit.o(.ARM.Collect$$rtexit$$00000000) refers (Special) to rtexit2.o(.ARM.Collect$$rtexit$$00000002) for __rt_exit_prels_1
    rtexit.o(.ARM.exidx) refers (Special) to rtexit2.o(.ARM.Collect$$rtexit$$00000004) for __rt_exit_exit
    rtexit.o(.ARM.exidx) refers (Special) to rtexit2.o(.ARM.Collect$$rtexit$$00000003) for __rt_exit_ls
    rtexit.o(.ARM.exidx) refers (Special) to rtexit2.o(.ARM.Collect$$rtexit$$00000002) for __rt_exit_prels_1
    rtexit.o(.ARM.exidx) refers to rtexit.o(.ARM.Collect$$rtexit$$00000000) for .ARM.Collect$$rtexit$$00000000
    libinit2.o(.ARM.Collect$$libinit$$0000000E) refers to libinit2.o(.ARM.Collect$$libinit$$0000000D) for .ARM.Collect$$libinit$$0000000D
    libinit2.o(.ARM.Collect$$libinit$$00000010) refers to libinit2.o(.ARM.Collect$$libinit$$0000000D) for .ARM.Collect$$libinit$$0000000D
    libinit2.o(.ARM.Collect$$libinit$$00000012) refers to libinit2.o(.ARM.Collect$$libinit$$0000000D) for .ARM.Collect$$libinit$$0000000D
    libinit2.o(.ARM.Collect$$libinit$$00000014) refers to libinit2.o(.ARM.Collect$$libinit$$0000000D) for .ARM.Collect$$libinit$$0000000D
    libinit2.o(.ARM.Collect$$libinit$$00000016) refers to libinit2.o(.ARM.Collect$$libinit$$0000000D) for .ARM.Collect$$libinit$$0000000D
    libinit2.o(.ARM.Collect$$libinit$$00000024) refers to argv_veneer.o(.emb_text) for __ARM_argv_veneer
    libinit2.o(.ARM.Collect$$libinit$$00000025) refers to argv_veneer.o(.emb_text) for __ARM_argv_veneer
    rtexit2.o(.ARM.Collect$$rtexit$$00000003) refers to libshutdown.o(.ARM.Collect$$libshutdown$$00000000) for __rt_lib_shutdown
    rtexit2.o(.ARM.Collect$$rtexit$$00000004) refers to sys_exit.o(.text) for _sys_exit
    rtexit2.o(.ARM.exidx) refers to rtexit2.o(.ARM.Collect$$rtexit$$00000001) for .ARM.Collect$$rtexit$$00000001
    rtexit2.o(.ARM.exidx) refers to rtexit2.o(.ARM.Collect$$rtexit$$00000003) for .ARM.Collect$$rtexit$$00000003
    rtexit2.o(.ARM.exidx) refers to rtexit2.o(.ARM.Collect$$rtexit$$00000004) for .ARM.Collect$$rtexit$$00000004
    argv_veneer.o(.emb_text) refers to no_argv.o(.text) for __ARM_get_argv
    sys_exit.o(.text) refers (Special) to use_no_semi.o(.text) for __I$use$semihosting
    sys_exit.o(.text) refers (Special) to indicate_semi.o(.text) for __semihosting_library_function
    _get_argv_nomalloc.o(.text) refers (Special) to hrguard.o(.text) for __heap_region$guard
    _get_argv_nomalloc.o(.text) refers to defsig_rtmem_outer.o(.text) for __rt_SIGRTMEM
    _get_argv_nomalloc.o(.text) refers to sys_command.o(.text) for _sys_command_string
    libshutdown.o(.ARM.Collect$$libshutdown$$00000000) refers (Special) to libshutdown2.o(.ARM.Collect$$libshutdown$$00000006) for __rt_lib_shutdown_fp_trap_1
    libshutdown.o(.ARM.Collect$$libshutdown$$00000000) refers (Special) to libshutdown2.o(.ARM.Collect$$libshutdown$$0000000E) for __rt_lib_shutdown_heap_1
    libshutdown.o(.ARM.Collect$$libshutdown$$00000000) refers (Special) to libshutdown2.o(.ARM.Collect$$libshutdown$$0000000F) for __rt_lib_shutdown_return
    libshutdown.o(.ARM.Collect$$libshutdown$$00000000) refers (Special) to libshutdown2.o(.ARM.Collect$$libshutdown$$00000009) for __rt_lib_shutdown_signal_1
    libshutdown.o(.ARM.Collect$$libshutdown$$00000000) refers (Special) to libshutdown2.o(.ARM.Collect$$libshutdown$$00000003) for __rt_lib_shutdown_stdio_1
    libshutdown.o(.ARM.Collect$$libshutdown$$00000000) refers (Special) to libshutdown2.o(.ARM.Collect$$libshutdown$$0000000B) for __rt_lib_shutdown_user_alloc_1
    sys_command.o(.text) refers (Special) to use_no_semi.o(.text) for __I$use$semihosting
    sys_command.o(.text) refers (Special) to indicate_semi.o(.text) for __semihosting_library_function
    defsig_rtmem_outer.o(.text) refers to defsig_rtmem_inner.o(.text) for __rt_SIGRTMEM_inner
    defsig_rtmem_outer.o(.text) refers to defsig_exit.o(.text) for __sig_exit
    defsig_rtmem_formal.o(.text) refers to rt_raise.o(.text) for __rt_raise
    rt_raise.o(.text) refers to __raise.o(.text) for __raise
    rt_raise.o(.text) refers to sys_exit.o(.text) for _sys_exit
    defsig_exit.o(.text) refers to sys_exit.o(.text) for _sys_exit
    defsig_rtmem_inner.o(.text) refers to defsig_general.o(.text) for __default_signal_display
    __raise.o(.text) refers to defsig.o(CL$$defsig) for __default_signal_handler
    defsig_general.o(.text) refers to sys_wrch.o(.text) for _ttywrch
    sys_wrch.o(.text) refers (Special) to use_no_semi.o(.text) for __I$use$semihosting
    sys_wrch.o(.text) refers (Special) to indicate_semi.o(.text) for __semihosting_library_function
    defsig.o(CL$$defsig) refers to defsig_rtmem_inner.o(.text) for __rt_SIGRTMEM_inner
    defsig_abrt_inner.o(.text) refers to defsig_general.o(.text) for __default_signal_display
    defsig_fpe_inner.o(.text) refers to defsig_general.o(.text) for __default_signal_display
    defsig_rtred_inner.o(.text) refers to defsig_general.o(.text) for __default_signal_display
    defsig_stak_inner.o(.text) refers to defsig_general.o(.text) for __default_signal_display
    defsig_pvfn_inner.o(.text) refers to defsig_general.o(.text) for __default_signal_display
    defsig_cppl_inner.o(.text) refers to defsig_general.o(.text) for __default_signal_display
    defsig_segv_inner.o(.text) refers to defsig_general.o(.text) for __default_signal_display
    defsig_other.o(.text) refers to defsig_general.o(.text) for __default_signal_display


==============================================================================

Removing Unused input sections from the image.

    Removing system_efm32gg.o(.rev16_text), (4 bytes).
    Removing system_efm32gg.o(.revsh_text), (4 bytes).
    Removing system_efm32gg.o(.rrx_text), (6 bytes).
    Removing main.o(.rev16_text), (4 bytes).
    Removing main.o(.revsh_text), (4 bytes).
    Removing main.o(.rrx_text), (6 bytes).
    Removing main.o(.constdata), (8 bytes).
    Removing main.o(.data), (4 bytes).
    Removing em_gpio.o(.rev16_text), (4 bytes).
    Removing em_gpio.o(.revsh_text), (4 bytes).
    Removing em_gpio.o(.rrx_text), (6 bytes).
    Removing em_cmu.o(.rev16_text), (4 bytes).
    Removing em_cmu.o(.revsh_text), (4 bytes).
    Removing em_cmu.o(.rrx_text), (6 bytes).
    Removing em_core.o(.rev16_text), (4 bytes).
    Removing em_core.o(.revsh_text), (4 bytes).
    Removing em_core.o(.rrx_text), (6 bytes).
    Removing em_core.o(.text), (720 bytes).
    Removing em_emu.o(.rev16_text), (4 bytes).
    Removing em_emu.o(.revsh_text), (4 bytes).
    Removing em_emu.o(.rrx_text), (6 bytes).
    Removing em_emu.o(.text), (1024 bytes).
    Removing em_emu.o(.data), (5 bytes).
    Removing em_system.o(.rev16_text), (4 bytes).
    Removing em_system.o(.revsh_text), (4 bytes).
    Removing em_system.o(.rrx_text), (6 bytes).
    Removing em_rtc.o(.rev16_text), (4 bytes).
    Removing em_rtc.o(.revsh_text), (4 bytes).
    Removing em_rtc.o(.rrx_text), (6 bytes).
    Removing em_rtc.o(.text), (176 bytes).
    Removing em_rmu.o(.rev16_text), (4 bytes).
    Removing em_rmu.o(.revsh_text), (4 bytes).
    Removing em_rmu.o(.rrx_text), (6 bytes).
    Removing em_rmu.o(.text), (192 bytes).
    Removing em_rmu.o(.constdata), (128 bytes).

35 unused section(s) (total 2383 bytes) removed from the image.

==============================================================================

Image Symbol Table

    Local Symbols

    Symbol Name                              Value     Ov Type        Size  Object(Section)

    RESET                                    0x00000000   Section      220  startup_efm32gg.o(RESET)
    ../clib/angel/boardlib.s                 0x00000000   Number         0  boardshut.o ABSOLUTE
    ../clib/angel/boardlib.s                 0x00000000   Number         0  boardinit3.o ABSOLUTE
    ../clib/angel/boardlib.s                 0x00000000   Number         0  boardinit2.o ABSOLUTE
    ../clib/angel/boardlib.s                 0x00000000   Number         0  boardinit1.o ABSOLUTE
    ../clib/angel/handlers.s                 0x00000000   Number         0  __scatter_copy.o ABSOLUTE
    ../clib/angel/handlers.s                 0x00000000   Number         0  __scatter_zi.o ABSOLUTE
    ../clib/angel/kernel.s                   0x00000000   Number         0  rtexit2.o ABSOLUTE
    ../clib/angel/kernel.s                   0x00000000   Number         0  rtentry2.o ABSOLUTE
    ../clib/angel/kernel.s                   0x00000000   Number         0  rtentry.o ABSOLUTE
    ../clib/angel/kernel.s                   0x00000000   Number         0  rtexit.o ABSOLUTE
    ../clib/angel/kernel.s                   0x00000000   Number         0  rtentry4.o ABSOLUTE
    ../clib/angel/rt.s                       0x00000000   Number         0  rt_raise.o ABSOLUTE
    ../clib/angel/scatter.s                  0x00000000   Number         0  __scatter.o ABSOLUTE
    ../clib/angel/startup.s                  0x00000000   Number         0  __main.o ABSOLUTE
    ../clib/angel/sys.s                      0x00000000   Number         0  libspace.o ABSOLUTE
    ../clib/angel/sys.s                      0x00000000   Number         0  use_no_semi.o ABSOLUTE
    ../clib/angel/sys.s                      0x00000000   Number         0  indicate_semi.o ABSOLUTE
    ../clib/angel/sys.s                      0x00000000   Number         0  sys_stackheap_outer.o ABSOLUTE
    ../clib/angel/sysapp.c                   0x00000000   Number         0  sys_exit.o ABSOLUTE
    ../clib/angel/sysapp.c                   0x00000000   Number         0  sys_command.o ABSOLUTE
    ../clib/angel/sysapp.c                   0x00000000   Number         0  sys_wrch.o ABSOLUTE
    ../clib/armsys.c                         0x00000000   Number         0  argv_veneer.o ABSOLUTE
    ../clib/armsys.c                         0x00000000   Number         0  argv_veneer.o ABSOLUTE
    ../clib/armsys.c                         0x00000000   Number         0  _get_argv_nomalloc.o ABSOLUTE
    ../clib/armsys.c                         0x00000000   Number         0  no_argv.o ABSOLUTE
    ../clib/heapalloc.c                      0x00000000   Number         0  hrguard.o ABSOLUTE
    ../clib/heapaux.c                        0x00000000   Number         0  heapauxi.o ABSOLUTE
    ../clib/libinit.s                        0x00000000   Number         0  libshutdown2.o ABSOLUTE
    ../clib/libinit.s                        0x00000000   Number         0  libinit2.o ABSOLUTE
    ../clib/libinit.s                        0x00000000   Number         0  libinit.o ABSOLUTE
    ../clib/libinit.s                        0x00000000   Number         0  libshutdown.o ABSOLUTE
    ../clib/memcpset.s                       0x00000000   Number         0  aeabi_memset.o ABSOLUTE
    ../clib/memcpset.s                       0x00000000   Number         0  rt_memclr_w.o ABSOLUTE
    ../clib/memcpset.s                       0x00000000   Number         0  rt_memclr.o ABSOLUTE
    ../clib/signal.c                         0x00000000   Number         0  defsig_fpe_inner.o ABSOLUTE
    ../clib/signal.c                         0x00000000   Number         0  defsig_rtmem_inner.o ABSOLUTE
    ../clib/signal.c                         0x00000000   Number         0  defsig_exit.o ABSOLUTE
    ../clib/signal.c                         0x00000000   Number         0  defsig_rtmem_formal.o ABSOLUTE
    ../clib/signal.c                         0x00000000   Number         0  defsig_rtmem_outer.o ABSOLUTE
    ../clib/signal.c                         0x00000000   Number         0  defsig_segv_inner.o ABSOLUTE
    ../clib/signal.c                         0x00000000   Number         0  defsig_other.o ABSOLUTE
    ../clib/signal.c                         0x00000000   Number         0  defsig_cppl_inner.o ABSOLUTE
    ../clib/signal.c                         0x00000000   Number         0  defsig_pvfn_inner.o ABSOLUTE
    ../clib/signal.c                         0x00000000   Number         0  defsig_rtred_inner.o ABSOLUTE
    ../clib/signal.c                         0x00000000   Number         0  defsig_stak_inner.o ABSOLUTE
    ../clib/signal.c                         0x00000000   Number         0  defsig_abrt_inner.o ABSOLUTE
    ../clib/signal.c                         0x00000000   Number         0  defsig_general.o ABSOLUTE
    ../clib/signal.c                         0x00000000   Number         0  __raise.o ABSOLUTE
    ../clib/signal.s                         0x00000000   Number         0  defsig.o ABSOLUTE
    ../clib/stdlib.c                         0x00000000   Number         0  exit.o ABSOLUTE
    ../fplib/fpinit.s                        0x00000000   Number         0  fpinit.o ABSOLUTE
    ..\..\lib\RTOS\ARM_CM3\port.c            0x00000000   Number         0  port.o ABSOLUTE
    ..\..\lib\RTOS\list.c                    0x00000000   Number         0  list.o ABSOLUTE
    ..\..\lib\RTOS\memory-manage\heap_4.c    0x00000000   Number         0  heap_4.o ABSOLUTE
    ..\..\lib\RTOS\tasks.c                   0x00000000   Number         0  tasks.o ABSOLUTE
    ..\..\lib\config\system_efm32gg.c        0x00000000   Number         0  system_efm32gg.o ABSOLUTE
    ..\..\lib\emlib\src\em_assert.c          0x00000000   Number         0  em_assert.o ABSOLUTE
    ..\..\lib\emlib\src\em_cmu.c             0x00000000   Number         0  em_cmu.o ABSOLUTE
    ..\..\lib\emlib\src\em_core.c            0x00000000   Number         0  em_core.o ABSOLUTE
    ..\..\lib\emlib\src\em_emu.c             0x00000000   Number         0  em_emu.o ABSOLUTE
    ..\..\lib\emlib\src\em_gpio.c            0x00000000   Number         0  em_gpio.o ABSOLUTE
    ..\..\lib\emlib\src\em_rmu.c             0x00000000   Number         0  em_rmu.o ABSOLUTE
    ..\..\lib\emlib\src\em_rtc.c             0x00000000   Number         0  em_rtc.o ABSOLUTE
    ..\..\lib\emlib\src\em_system.c          0x00000000   Number         0  em_system.o ABSOLUTE
    ..\\..\\lib\\RTOS\\ARM_CM3\\port.c       0x00000000   Number         0  port.o ABSOLUTE
    ..\\..\\lib\\config\\system_efm32gg.c    0x00000000   Number         0  system_efm32gg.o ABSOLUTE
    ..\\..\\lib\\emlib\\src\\em_cmu.c        0x00000000   Number         0  em_cmu.o ABSOLUTE
    ..\\..\\lib\\emlib\\src\\em_core.c       0x00000000   Number         0  em_core.o ABSOLUTE
    ..\\..\\lib\\emlib\\src\\em_emu.c        0x00000000   Number         0  em_emu.o ABSOLUTE
    ..\\..\\lib\\emlib\\src\\em_gpio.c       0x00000000   Number         0  em_gpio.o ABSOLUTE
    ..\\..\\lib\\emlib\\src\\em_rmu.c        0x00000000   Number         0  em_rmu.o ABSOLUTE
    ..\\..\\lib\\emlib\\src\\em_rtc.c        0x00000000   Number         0  em_rtc.o ABSOLUTE
    ..\\..\\lib\\emlib\\src\\em_system.c     0x00000000   Number         0  em_system.o ABSOLUTE
    ..\\src\\main.c                          0x00000000   Number         0  main.o ABSOLUTE
    ..\src\main.c                            0x00000000   Number         0  main.o ABSOLUTE
    dc.s                                     0x00000000   Number         0  dc.o ABSOLUTE
    startup_efm32gg.s                        0x00000000   Number         0  startup_efm32gg.o ABSOLUTE
    !!!main                                  0x000000dc   Section        8  __main.o(!!!main)
    !!!scatter                               0x000000e4   Section       52  __scatter.o(!!!scatter)
    !!handler_copy                           0x00000118   Section       26  __scatter_copy.o(!!handler_copy)
    !!handler_zi                             0x00000134   Section       28  __scatter_zi.o(!!handler_zi)
    .ARM.Collect$$libinit$$00000000          0x00000150   Section        2  libinit.o(.ARM.Collect$$libinit$$00000000)
    .ARM.Collect$$libinit$$00000002          0x00000152   Section        0  libinit2.o(.ARM.Collect$$libinit$$00000002)
    .ARM.Collect$$libinit$$00000008          0x00000152   Section        0  libinit2.o(.ARM.Collect$$libinit$$00000008)
    .ARM.Collect$$libinit$$0000000A          0x00000152   Section        0  libinit2.o(.ARM.Collect$$libinit$$0000000A)
    .ARM.Collect$$libinit$$0000000C          0x00000152   Section        0  libinit2.o(.ARM.Collect$$libinit$$0000000C)
    .ARM.Collect$$libinit$$0000000F          0x00000152   Section        0  libinit2.o(.ARM.Collect$$libinit$$0000000F)
    .ARM.Collect$$libinit$$00000011          0x00000152   Section        0  libinit2.o(.ARM.Collect$$libinit$$00000011)
    .ARM.Collect$$libinit$$00000013          0x00000152   Section        0  libinit2.o(.ARM.Collect$$libinit$$00000013)
    .ARM.Collect$$libinit$$00000015          0x00000152   Section        0  libinit2.o(.ARM.Collect$$libinit$$00000015)
    .ARM.Collect$$libinit$$00000017          0x00000152   Section        0  libinit2.o(.ARM.Collect$$libinit$$00000017)
    .ARM.Collect$$libinit$$00000019          0x00000152   Section        0  libinit2.o(.ARM.Collect$$libinit$$00000019)
    .ARM.Collect$$libinit$$0000001B          0x00000152   Section        0  libinit2.o(.ARM.Collect$$libinit$$0000001B)
    .ARM.Collect$$libinit$$0000001D          0x00000152   Section        0  libinit2.o(.ARM.Collect$$libinit$$0000001D)
    .ARM.Collect$$libinit$$0000001F          0x00000152   Section        0  libinit2.o(.ARM.Collect$$libinit$$0000001F)
    .ARM.Collect$$libinit$$00000021          0x00000152   Section        0  libinit2.o(.ARM.Collect$$libinit$$00000021)
    .ARM.Collect$$libinit$$00000023          0x00000152   Section        0  libinit2.o(.ARM.Collect$$libinit$$00000023)
    .ARM.Collect$$libinit$$0000002A          0x00000152   Section        0  libinit2.o(.ARM.Collect$$libinit$$0000002A)
    .ARM.Collect$$libinit$$0000002C          0x00000152   Section        0  libinit2.o(.ARM.Collect$$libinit$$0000002C)
    .ARM.Collect$$libinit$$0000002E          0x00000152   Section        0  libinit2.o(.ARM.Collect$$libinit$$0000002E)
    .ARM.Collect$$libinit$$00000030          0x00000152   Section        0  libinit2.o(.ARM.Collect$$libinit$$00000030)
    .ARM.Collect$$libinit$$00000031          0x00000152   Section        2  libinit2.o(.ARM.Collect$$libinit$$00000031)
    .ARM.Collect$$libshutdown$$00000000      0x00000154   Section        2  libshutdown.o(.ARM.Collect$$libshutdown$$00000000)
    .ARM.Collect$$libshutdown$$00000003      0x00000156   Section        0  libshutdown2.o(.ARM.Collect$$libshutdown$$00000003)
    .ARM.Collect$$libshutdown$$00000006      0x00000156   Section        0  libshutdown2.o(.ARM.Collect$$libshutdown$$00000006)
    .ARM.Collect$$libshutdown$$00000009      0x00000156   Section        0  libshutdown2.o(.ARM.Collect$$libshutdown$$00000009)
    .ARM.Collect$$libshutdown$$0000000B      0x00000156   Section        0  libshutdown2.o(.ARM.Collect$$libshutdown$$0000000B)
    .ARM.Collect$$libshutdown$$0000000E      0x00000156   Section        0  libshutdown2.o(.ARM.Collect$$libshutdown$$0000000E)
    .ARM.Collect$$libshutdown$$0000000F      0x00000156   Section        2  libshutdown2.o(.ARM.Collect$$libshutdown$$0000000F)
    .ARM.Collect$$rtentry$$00000000          0x00000158   Section        0  rtentry.o(.ARM.Collect$$rtentry$$00000000)
    .ARM.Collect$$rtentry$$00000002          0x00000158   Section        0  rtentry2.o(.ARM.Collect$$rtentry$$00000002)
    .ARM.Collect$$rtentry$$00000004          0x00000158   Section        6  rtentry4.o(.ARM.Collect$$rtentry$$00000004)
    .ARM.Collect$$rtentry$$00000009          0x0000015e   Section        0  rtentry2.o(.ARM.Collect$$rtentry$$00000009)
    .ARM.Collect$$rtentry$$0000000A          0x0000015e   Section        4  rtentry2.o(.ARM.Collect$$rtentry$$0000000A)
    .ARM.Collect$$rtentry$$0000000C          0x00000162   Section        0  rtentry2.o(.ARM.Collect$$rtentry$$0000000C)
    .ARM.Collect$$rtentry$$0000000D          0x00000162   Section        8  rtentry2.o(.ARM.Collect$$rtentry$$0000000D)
    .ARM.Collect$$rtexit$$00000000           0x0000016a   Section        2  rtexit.o(.ARM.Collect$$rtexit$$00000000)
    .ARM.Collect$$rtexit$$00000002           0x0000016c   Section        0  rtexit2.o(.ARM.Collect$$rtexit$$00000002)
    .ARM.Collect$$rtexit$$00000003           0x0000016c   Section        4  rtexit2.o(.ARM.Collect$$rtexit$$00000003)
    .ARM.Collect$$rtexit$$00000004           0x00000170   Section        6  rtexit2.o(.ARM.Collect$$rtexit$$00000004)
    .emb_text                                0x00000178   Section      138  port.o(.emb_text)
    .text                                    0x00000204   Section       64  startup_efm32gg.o(.text)
    .text                                    0x00000244   Section        0  system_efm32gg.o(.text)
    .text                                    0x00000398   Section        0  main.o(.text)
    prvSetupHardware                         0x00000431   Thumb Code    64  main.o(.text)
    GPIO_PinOutClear                         0x000004d7   Thumb Code    20  main.o(.text)
    GPIO_PinOutToggle                        0x000004eb   Thumb Code    20  main.o(.text)
    .text                                    0x00000534   Section        0  em_gpio.o(.text)
    BUS_RegBitWrite                          0x00000535   Thumb Code    18  em_gpio.o(.text)
    BUS_RegMaskedWrite                       0x0000071f   Thumb Code    10  em_gpio.o(.text)
    GPIO_PinOutClear                         0x00000729   Thumb Code    20  em_gpio.o(.text)
    GPIO_PinOutSet                           0x0000073d   Thumb Code    20  em_gpio.o(.text)
    .text                                    0x0000076c   Section        0  em_cmu.o(.text)
    BUS_RegBitWrite                          0x0000076d   Thumb Code    18  em_cmu.o(.text)
    maxFreqHfle                              0x0000077f   Thumb Code    82  em_cmu.o(.text)
    setHfLeConfig                            0x000007d1   Thumb Code    42  em_cmu.o(.text)
    getHfLeConfig                            0x000007fb   Thumb Code    28  em_cmu.o(.text)
    auxClkGet                                0x00000817   Thumb Code   114  em_cmu.o(.text)
    dbgClkGet                                0x00000993   Thumb Code    44  em_cmu.o(.text)
    flashWaitStateControl                    0x000009bf   Thumb Code   134  em_cmu.o(.text)
    flashWaitStateMax                        0x00000a45   Thumb Code    14  em_cmu.o(.text)
    lfClkGet                                 0x00000a53   Thumb Code   198  em_cmu.o(.text)
    usbCClkGet                               0x00000b19   Thumb Code    58  em_cmu.o(.text)
    BUS_RegBitRead                           0x00001679   Thumb Code    20  em_cmu.o(.text)
    BUS_RegMaskedWrite                       0x0000168d   Thumb Code    10  em_cmu.o(.text)
    CMU_DivToLog2                            0x00001697   Thumb Code    12  em_cmu.o(.text)
    CMU_Log2ToDiv                            0x000016a3   Thumb Code     8  em_cmu.o(.text)
    syncReg                                  0x000016ab   Thumb Code    26  em_cmu.o(.text)
    .text                                    0x000016dc   Section        0  em_system.o(.text)
    .text                                    0x00001750   Section        0  list.o(.text)
    .text                                    0x000017e4   Section        0  tasks.o(.text)
    prvInitialiseTaskLists                   0x000017e5   Thumb Code    70  tasks.o(.text)
    prvInitialiseTCBVariables                0x0000182b   Thumb Code    86  tasks.o(.text)
    prvAllocateTCBAndStack                   0x00001881   Thumb Code    58  tasks.o(.text)
    prvAddCurrentTaskToDelayedList           0x00001ca1   Thumb Code    62  tasks.o(.text)
    prvGetExpectedIdleTime                   0x00002175   Thumb Code    36  tasks.o(.text)
    prvDeleteTCB                             0x00002199   Thumb Code    18  tasks.o(.text)
    prvCheckTasksWaitingTermination          0x000021ab   Thumb Code    86  tasks.o(.text)
    prvIdleTask                              0x00002201   Thumb Code    70  tasks.o(.text)
    .text                                    0x00002654   Section        0  heap_4.o(.text)
    prvInsertBlockIntoFreeList               0x00002655   Thumb Code    96  heap_4.o(.text)
    prvHeapInit                              0x000026b5   Thumb Code   102  heap_4.o(.text)
    .text                                    0x0000284c   Section        0  port.o(.text)
    prvTaskExitError                         0x0000284d   Thumb Code    32  port.o(.text)
    .text                                    0x00002b94   Section       16  aeabi_memset.o(.text)
    .text                                    0x00002ba4   Section        0  heapauxi.o(.text)
    .text                                    0x00002baa   Section       68  rt_memclr.o(.text)
    .text                                    0x00002bee   Section       78  rt_memclr_w.o(.text)
    .text                                    0x00002c3c   Section       74  sys_stackheap_outer.o(.text)
    .text                                    0x00002c86   Section        0  exit.o(.text)
    .text                                    0x00002c94   Section        8  libspace.o(.text)
    .text                                    0x00002c9c   Section        0  sys_exit.o(.text)
    .text                                    0x00002ca8   Section        2  use_no_semi.o(.text)
    .text                                    0x00002caa   Section        0  indicate_semi.o(.text)
    .data                                    0x20000000   Section       12  system_efm32gg.o(.data)
    SystemHFXOClock                          0x20000000   Data           4  system_efm32gg.o(.data)
    SystemLFXOClock                          0x20000004   Data           4  system_efm32gg.o(.data)
    .data                                    0x2000000c   Section       56  tasks.o(.data)
    uxTasksDeleted                           0x20000010   Data           4  tasks.o(.data)
    uxCurrentNumberOfTasks                   0x20000014   Data           4  tasks.o(.data)
    xTickCount                               0x20000018   Data           4  tasks.o(.data)
    uxTopReadyPriority                       0x2000001c   Data           4  tasks.o(.data)
    xSchedulerRunning                        0x20000020   Data           4  tasks.o(.data)
    uxSchedulerSuspended                     0x20000024   Data           4  tasks.o(.data)
    uxPendedTicks                            0x20000028   Data           4  tasks.o(.data)
    xYieldPending                            0x2000002c   Data           4  tasks.o(.data)
    xNumOfOverflows                          0x20000030   Data           4  tasks.o(.data)
    uxTaskNumber                             0x20000034   Data           4  tasks.o(.data)
    xNextTaskUnblockTime                     0x20000038   Data           4  tasks.o(.data)
    pxDelayedTaskList                        0x2000003c   Data           4  tasks.o(.data)
    pxOverflowDelayedTaskList                0x20000040   Data           4  tasks.o(.data)
    .data                                    0x20000044   Section       20  heap_4.o(.data)
    pxEnd                                    0x20000044   Data           4  heap_4.o(.data)
    xFreeBytesRemaining                      0x20000048   Data           4  heap_4.o(.data)
    xBlockAllocatedBit                       0x2000004c   Data           4  heap_4.o(.data)
    xStart                                   0x20000050   Data           8  heap_4.o(.data)
    .data                                    0x20000058   Section       24  port.o(.data)
    uxCriticalNesting                        0x20000058   Data           4  port.o(.data)
    ulTimerCountsForOneTick                  0x2000005c   Data           4  port.o(.data)
    xMaximumPossibleSuppressedTicks          0x20000060   Data           4  port.o(.data)
    ulStoppedTimerCompensation               0x20000064   Data           4  port.o(.data)
    ucMaxSysCallPriority                     0x20000068   Data           1  port.o(.data)
    ulMaxPRIGROUPValue                       0x2000006c   Data           4  port.o(.data)
    .bss                                     0x20000070   Section      220  tasks.o(.bss)
    pxReadyTasksLists                        0x20000070   Data         120  tasks.o(.bss)
    xDelayedTaskList1                        0x200000e8   Data          20  tasks.o(.bss)
    xDelayedTaskList2                        0x200000fc   Data          20  tasks.o(.bss)
    xPendingReadyList                        0x20000110   Data          20  tasks.o(.bss)
    xTasksWaitingTermination                 0x20000124   Data          20  tasks.o(.bss)
    xSuspendedTaskList                       0x20000138   Data          20  tasks.o(.bss)
    .bss                                     0x2000014c   Section    24000  heap_4.o(.bss)
    ucHeap                                   0x2000014c   Data       24000  heap_4.o(.bss)
    .bss                                     0x20005f0c   Section       96  libspace.o(.bss)
    HEAP                                     0x20005f70   Section     3072  startup_efm32gg.o(HEAP)
    Heap_Mem                                 0x20005f70   Data        3072  startup_efm32gg.o(HEAP)
    STACK                                    0x20006b70   Section     1024  startup_efm32gg.o(STACK)
    Stack_Mem                                0x20006b70   Data        1024  startup_efm32gg.o(STACK)
    __initial_sp                             0x20006f70   Data           0  startup_efm32gg.o(STACK)

    Global Symbols

    Symbol Name                              Value     Ov Type        Size  Object(Section)

    BuildAttributes$$THM_ISAv4$P$D$K$B$S$PE$A:L22UL41UL21$X:L11$S22US41US21$IEEE1$IW$USESV6$~STKCKD$USESV7$~SHL$OSPACE$ROPI$EBA8$UX$STANDARDLIB$REQ8$PRES8$EABIv2 0x00000000   Number         0  anon$$obj.o ABSOLUTE
    __ARM_use_no_argv                        0x00000000   Number         0  main.o ABSOLUTE
    __Vectors                                0x00000000   Data           4  startup_efm32gg.o(RESET)
    __ARM_exceptions_init                     - Undefined Weak Reference
    __alloca_initialize                       - Undefined Weak Reference
    __cpp_initialize__aeabi_                  - Undefined Weak Reference
    __cxa_finalize                            - Undefined Weak Reference
    __rt_locale                               - Undefined Weak Reference
    __sigvec_lookup                           - Undefined Weak Reference
    _atexit_init                              - Undefined Weak Reference
    _call_atexit_fns                          - Undefined Weak Reference
    _clock_init                               - Undefined Weak Reference
    _fp_trap_init                             - Undefined Weak Reference
    _fp_trap_shutdown                         - Undefined Weak Reference
    _get_lc_collate                           - Undefined Weak Reference
    _get_lc_ctype                             - Undefined Weak Reference
    _get_lc_monetary                          - Undefined Weak Reference
    _get_lc_numeric                           - Undefined Weak Reference
    _get_lc_time                              - Undefined Weak Reference
    _getenv_init                              - Undefined Weak Reference
    _handle_redirection                       - Undefined Weak Reference
    _init_alloc                               - Undefined Weak Reference
    _init_user_alloc                          - Undefined Weak Reference
    _initio                                   - Undefined Weak Reference
    _rand_init                                - Undefined Weak Reference
    _signal_finish                            - Undefined Weak Reference
    _signal_init                              - Undefined Weak Reference
    _terminate_alloc                          - Undefined Weak Reference
    _terminate_user_alloc                     - Undefined Weak Reference
    _terminateio                              - Undefined Weak Reference
    __Vectors_End                            0x000000dc   Data           0  startup_efm32gg.o(RESET)
    __Vectors_Size                           0x000000dc   Number         0  startup_efm32gg.o ABSOLUTE
    __main                                   0x000000dd   Thumb Code     8  __main.o(!!!main)
    __scatterload                            0x000000e5   Thumb Code     0  __scatter.o(!!!scatter)
    __scatterload_rt2                        0x000000e5   Thumb Code    44  __scatter.o(!!!scatter)
    __scatterload_rt2_thumb_only             0x000000e5   Thumb Code     0  __scatter.o(!!!scatter)
    __scatterload_null                       0x000000f3   Thumb Code     0  __scatter.o(!!!scatter)
    __scatterload_copy                       0x00000119   Thumb Code    26  __scatter_copy.o(!!handler_copy)
    __scatterload_zeroinit                   0x00000135   Thumb Code    28  __scatter_zi.o(!!handler_zi)
    __rt_lib_init                            0x00000151   Thumb Code     0  libinit.o(.ARM.Collect$$libinit$$00000000)
    __rt_lib_init_alloca_1                   0x00000153   Thumb Code     0  libinit2.o(.ARM.Collect$$libinit$$0000002C)
    __rt_lib_init_argv_1                     0x00000153   Thumb Code     0  libinit2.o(.ARM.Collect$$libinit$$0000002A)
    __rt_lib_init_atexit_1                   0x00000153   Thumb Code     0  libinit2.o(.ARM.Collect$$libinit$$00000019)
    __rt_lib_init_clock_1                    0x00000153   Thumb Code     0  libinit2.o(.ARM.Collect$$libinit$$0000001F)
    __rt_lib_init_cpp_1                      0x00000153   Thumb Code     0  libinit2.o(.ARM.Collect$$libinit$$00000030)
    __rt_lib_init_exceptions_1               0x00000153   Thumb Code     0  libinit2.o(.ARM.Collect$$libinit$$0000002E)
    __rt_lib_init_fp_1                       0x00000153   Thumb Code     0  libinit2.o(.ARM.Collect$$libinit$$00000002)
    __rt_lib_init_fp_trap_1                  0x00000153   Thumb Code     0  libinit2.o(.ARM.Collect$$libinit$$0000001D)
    __rt_lib_init_getenv_1                   0x00000153   Thumb Code     0  libinit2.o(.ARM.Collect$$libinit$$00000021)
    __rt_lib_init_heap_1                     0x00000153   Thumb Code     0  libinit2.o(.ARM.Collect$$libinit$$00000008)
    __rt_lib_init_lc_collate_1               0x00000153   Thumb Code     0  libinit2.o(.ARM.Collect$$libinit$$0000000F)
    __rt_lib_init_lc_ctype_1                 0x00000153   Thumb Code     0  libinit2.o(.ARM.Collect$$libinit$$00000011)
    __rt_lib_init_lc_monetary_1              0x00000153   Thumb Code     0  libinit2.o(.ARM.Collect$$libinit$$00000013)
    __rt_lib_init_lc_numeric_1               0x00000153   Thumb Code     0  libinit2.o(.ARM.Collect$$libinit$$00000015)
    __rt_lib_init_lc_time_1                  0x00000153   Thumb Code     0  libinit2.o(.ARM.Collect$$libinit$$00000017)
    __rt_lib_init_rand_1                     0x00000153   Thumb Code     0  libinit2.o(.ARM.Collect$$libinit$$0000000C)
    __rt_lib_init_return                     0x00000153   Thumb Code     0  libinit2.o(.ARM.Collect$$libinit$$00000031)
    __rt_lib_init_signal_1                   0x00000153   Thumb Code     0  libinit2.o(.ARM.Collect$$libinit$$0000001B)
    __rt_lib_init_stdio_1                    0x00000153   Thumb Code     0  libinit2.o(.ARM.Collect$$libinit$$00000023)
    __rt_lib_init_user_alloc_1               0x00000153   Thumb Code     0  libinit2.o(.ARM.Collect$$libinit$$0000000A)
    __rt_lib_shutdown                        0x00000155   Thumb Code     0  libshutdown.o(.ARM.Collect$$libshutdown$$00000000)
    __rt_lib_shutdown_fp_trap_1              0x00000157   Thumb Code     0  libshutdown2.o(.ARM.Collect$$libshutdown$$00000006)
    __rt_lib_shutdown_heap_1                 0x00000157   Thumb Code     0  libshutdown2.o(.ARM.Collect$$libshutdown$$0000000E)
    __rt_lib_shutdown_return                 0x00000157   Thumb Code     0  libshutdown2.o(.ARM.Collect$$libshutdown$$0000000F)
    __rt_lib_shutdown_signal_1               0x00000157   Thumb Code     0  libshutdown2.o(.ARM.Collect$$libshutdown$$00000009)
    __rt_lib_shutdown_stdio_1                0x00000157   Thumb Code     0  libshutdown2.o(.ARM.Collect$$libshutdown$$00000003)
    __rt_lib_shutdown_user_alloc_1           0x00000157   Thumb Code     0  libshutdown2.o(.ARM.Collect$$libshutdown$$0000000B)
    __rt_entry                               0x00000159   Thumb Code     0  rtentry.o(.ARM.Collect$$rtentry$$00000000)
    __rt_entry_presh_1                       0x00000159   Thumb Code     0  rtentry2.o(.ARM.Collect$$rtentry$$00000002)
    __rt_entry_sh                            0x00000159   Thumb Code     0  rtentry4.o(.ARM.Collect$$rtentry$$00000004)
    __rt_entry_li                            0x0000015f   Thumb Code     0  rtentry2.o(.ARM.Collect$$rtentry$$0000000A)
    __rt_entry_postsh_1                      0x0000015f   Thumb Code     0  rtentry2.o(.ARM.Collect$$rtentry$$00000009)
    __rt_entry_main                          0x00000163   Thumb Code     0  rtentry2.o(.ARM.Collect$$rtentry$$0000000D)
    __rt_entry_postli_1                      0x00000163   Thumb Code     0  rtentry2.o(.ARM.Collect$$rtentry$$0000000C)
    __rt_exit                                0x0000016b   Thumb Code     0  rtexit.o(.ARM.Collect$$rtexit$$00000000)
    __rt_exit_ls                             0x0000016d   Thumb Code     0  rtexit2.o(.ARM.Collect$$rtexit$$00000003)
    __rt_exit_prels_1                        0x0000016d   Thumb Code     0  rtexit2.o(.ARM.Collect$$rtexit$$00000002)
    __rt_exit_exit                           0x00000171   Thumb Code     0  rtexit2.o(.ARM.Collect$$rtexit$$00000004)
    SVC_Handler                              0x00000179   Thumb Code    28  port.o(.emb_text)
    __asm___6_port_c_39a90d8d__prvStartFirstTask 0x00000199   Thumb Code    16  port.o(.emb_text)
    PendSV_Handler                           0x000001ad   Thumb Code    56  port.o(.emb_text)
    ulPortSetInterruptMask                   0x000001e9   Thumb Code    14  port.o(.emb_text)
    vPortClearInterruptMask                  0x000001f7   Thumb Code     6  port.o(.emb_text)
    vPortGetIPSR                             0x000001fd   Thumb Code     6  port.o(.emb_text)
    Reset_Handler                            0x00000205   Thumb Code     8  startup_efm32gg.o(.text)
    NMI_Handler                              0x0000020d   Thumb Code     2  startup_efm32gg.o(.text)
    HardFault_Handler                        0x0000020f   Thumb Code     2  startup_efm32gg.o(.text)
    MemManage_Handler                        0x00000211   Thumb Code     2  startup_efm32gg.o(.text)
    BusFault_Handler                         0x00000213   Thumb Code     2  startup_efm32gg.o(.text)
    UsageFault_Handler                       0x00000215   Thumb Code     2  startup_efm32gg.o(.text)
    DebugMon_Handler                         0x00000219   Thumb Code     2  startup_efm32gg.o(.text)
    ACMP0_IRQHandler                         0x0000021f   Thumb Code     0  startup_efm32gg.o(.text)
    ADC0_IRQHandler                          0x0000021f   Thumb Code     0  startup_efm32gg.o(.text)
    AES_IRQHandler                           0x0000021f   Thumb Code     0  startup_efm32gg.o(.text)
    BURTC_IRQHandler                         0x0000021f   Thumb Code     0  startup_efm32gg.o(.text)
    CMU_IRQHandler                           0x0000021f   Thumb Code     0  startup_efm32gg.o(.text)
    DAC0_IRQHandler                          0x0000021f   Thumb Code     0  startup_efm32gg.o(.text)
    DMA_IRQHandler                           0x0000021f   Thumb Code     0  startup_efm32gg.o(.text)
    EBI_IRQHandler                           0x0000021f   Thumb Code     0  startup_efm32gg.o(.text)
    EMU_IRQHandler                           0x0000021f   Thumb Code     0  startup_efm32gg.o(.text)
    GPIO_EVEN_IRQHandler                     0x0000021f   Thumb Code     0  startup_efm32gg.o(.text)
    I2C0_IRQHandler                          0x0000021f   Thumb Code     0  startup_efm32gg.o(.text)
    I2C1_IRQHandler                          0x0000021f   Thumb Code     0  startup_efm32gg.o(.text)
    LCD_IRQHandler                           0x0000021f   Thumb Code     0  startup_efm32gg.o(.text)
    LESENSE_IRQHandler                       0x0000021f   Thumb Code     0  startup_efm32gg.o(.text)
    LETIMER0_IRQHandler                      0x0000021f   Thumb Code     0  startup_efm32gg.o(.text)
    LEUART0_IRQHandler                       0x0000021f   Thumb Code     0  startup_efm32gg.o(.text)
    LEUART1_IRQHandler                       0x0000021f   Thumb Code     0  startup_efm32gg.o(.text)
    MSC_IRQHandler                           0x0000021f   Thumb Code     0  startup_efm32gg.o(.text)
    PCNT0_IRQHandler                         0x0000021f   Thumb Code     0  startup_efm32gg.o(.text)
    PCNT1_IRQHandler                         0x0000021f   Thumb Code     0  startup_efm32gg.o(.text)
    PCNT2_IRQHandler                         0x0000021f   Thumb Code     0  startup_efm32gg.o(.text)
    RTC_IRQHandler                           0x0000021f   Thumb Code     0  startup_efm32gg.o(.text)
    TIMER0_IRQHandler                        0x0000021f   Thumb Code     0  startup_efm32gg.o(.text)
    TIMER1_IRQHandler                        0x0000021f   Thumb Code     0  startup_efm32gg.o(.text)
    TIMER2_IRQHandler                        0x0000021f   Thumb Code     0  startup_efm32gg.o(.text)
    TIMER3_IRQHandler                        0x0000021f   Thumb Code     0  startup_efm32gg.o(.text)
    UART0_RX_IRQHandler                      0x0000021f   Thumb Code     0  startup_efm32gg.o(.text)
    UART0_TX_IRQHandler                      0x0000021f   Thumb Code     0  startup_efm32gg.o(.text)
    UART1_RX_IRQHandler                      0x0000021f   Thumb Code     0  startup_efm32gg.o(.text)
    UART1_TX_IRQHandler                      0x0000021f   Thumb Code     0  startup_efm32gg.o(.text)
    USART0_RX_IRQHandler                     0x0000021f   Thumb Code     0  startup_efm32gg.o(.text)
    USART0_TX_IRQHandler                     0x0000021f   Thumb Code     0  startup_efm32gg.o(.text)
    USART1_RX_IRQHandler                     0x0000021f   Thumb Code     0  startup_efm32gg.o(.text)
    USART1_TX_IRQHandler                     0x0000021f   Thumb Code     0  startup_efm32gg.o(.text)
    USART2_RX_IRQHandler                     0x0000021f   Thumb Code     0  startup_efm32gg.o(.text)
    USART2_TX_IRQHandler                     0x0000021f   Thumb Code     0  startup_efm32gg.o(.text)
    USB_IRQHandler                           0x0000021f   Thumb Code     0  startup_efm32gg.o(.text)
    VCMP_IRQHandler                          0x0000021f   Thumb Code     0  startup_efm32gg.o(.text)
    __user_initial_stackheap                 0x00000221   Thumb Code    10  startup_efm32gg.o(.text)
    SystemHFClockGet                         0x00000245   Thumb Code   174  system_efm32gg.o(.text)
    SystemCoreClockGet                       0x000002f3   Thumb Code    26  system_efm32gg.o(.text)
    SystemMaxCoreClockGet                    0x0000030d   Thumb Code     4  system_efm32gg.o(.text)
    SystemHFXOClockGet                       0x00000311   Thumb Code     6  system_efm32gg.o(.text)
    SystemHFXOClockSet                       0x00000317   Thumb Code    24  system_efm32gg.o(.text)
    SystemInit                               0x0000032f   Thumb Code     8  system_efm32gg.o(.text)
    SystemLFRCOClockGet                      0x00000337   Thumb Code     6  system_efm32gg.o(.text)
    SystemULFRCOClockGet                     0x0000033d   Thumb Code     6  system_efm32gg.o(.text)
    SystemLFXOClockGet                       0x00000343   Thumb Code     6  system_efm32gg.o(.text)
    SystemLFXOClockSet                       0x00000349   Thumb Code    24  system_efm32gg.o(.text)
    vBlinky1                                 0x00000399   Thumb Code    22  main.o(.text)
    GPIOInitialize                           0x000003af   Thumb Code   130  main.o(.text)
    main                                     0x00000471   Thumb Code    38  main.o(.text)
    vBlinky2                                 0x00000497   Thumb Code    20  main.o(.text)
    GPIO_ODD_IRQHandler                      0x000004ab   Thumb Code    42  main.o(.text)
    xTimerCreateTimerTask                    0x000004d5   Thumb Code     2  main.o(.text)
    GPIO_DbgLocationSet                      0x00000547   Thumb Code    20  em_gpio.o(.text)
    GPIO_DriveModeSet                        0x0000055b   Thumb Code    30  em_gpio.o(.text)
    GPIO_ExtIntConfig                        0x00000579   Thumb Code   118  em_gpio.o(.text)
    GPIO_PinModeSet                          0x000005ef   Thumb Code   154  em_gpio.o(.text)
    GPIO_PinModeGet                          0x00000689   Thumb Code    54  em_gpio.o(.text)
    GPIO_EM4EnablePinWakeup                  0x000006bf   Thumb Code    96  em_gpio.o(.text)
    CMU_ClockSelectGet                       0x00000889   Thumb Code   266  em_cmu.o(.text)
    CMU_AUXHFRCOBandGet                      0x00000b53   Thumb Code    74  em_cmu.o(.text)
    CMU_AUXHFRCOBandSet                      0x00000b9d   Thumb Code   100  em_cmu.o(.text)
    CMU_Calibrate                            0x00000c01   Thumb Code    98  em_cmu.o(.text)
    CMU_CalibrateConfig                      0x00000c63   Thumb Code   116  em_cmu.o(.text)
    CMU_CalibrateCountGet                    0x00000cd7   Thumb Code    36  em_cmu.o(.text)
    CMU_ClockDivGet                          0x00000cfb   Thumb Code   256  em_cmu.o(.text)
    CMU_ClockDivSet                          0x00000dfb   Thumb Code   438  em_cmu.o(.text)
    CMU_ClockFreqGet                         0x00000fb1   Thumb Code   298  em_cmu.o(.text)
    CMU_ClockEnable                          0x000010db   Thumb Code   136  em_cmu.o(.text)
    CMU_OscillatorEnable                     0x00001163   Thumb Code   114  em_cmu.o(.text)
    CMU_ClockSelectSet                       0x000011d5   Thumb Code   574  em_cmu.o(.text)
    CMU_FreezeEnable                         0x00001413   Thumb Code    28  em_cmu.o(.text)
    CMU_HFRCOBandGet                         0x0000142f   Thumb Code    10  em_cmu.o(.text)
    CMU_HFRCOBandSet                         0x00001439   Thumb Code   156  em_cmu.o(.text)
    CMU_HFRCOStartupDelayGet                 0x000014d5   Thumb Code    10  em_cmu.o(.text)
    CMU_HFRCOStartupDelaySet                 0x000014df   Thumb Code    22  em_cmu.o(.text)
    CMU_HFXOInit                             0x000014f5   Thumb Code    60  em_cmu.o(.text)
    CMU_LCDClkFDIVGet                        0x00001531   Thumb Code    10  em_cmu.o(.text)
    CMU_LCDClkFDIVSet                        0x0000153b   Thumb Code    36  em_cmu.o(.text)
    CMU_LFXOInit                             0x0000155f   Thumb Code    66  em_cmu.o(.text)
    CMU_OscillatorTuningGet                  0x000015a1   Thumb Code    50  em_cmu.o(.text)
    CMU_OscillatorTuningSet                  0x000015d3   Thumb Code    76  em_cmu.o(.text)
    CMU_PCNTClockExternalGet                 0x0000161f   Thumb Code    60  em_cmu.o(.text)
    CMU_PCNTClockExternalSet                 0x0000165b   Thumb Code    30  em_cmu.o(.text)
    SYSTEM_ChipRevisionGet                   0x000016dd   Thumb Code    62  em_system.o(.text)
    SYSTEM_GetCalibrationValue               0x0000171b   Thumb Code    40  em_system.o(.text)
    vListInitialise                          0x00001751   Thumb Code    26  list.o(.text)
    vListInitialiseItem                      0x0000176b   Thumb Code     6  list.o(.text)
    vListInsertEnd                           0x00001771   Thumb Code    24  list.o(.text)
    vListInsert                              0x00001789   Thumb Code    52  list.o(.text)
    uxListRemove                             0x000017bd   Thumb Code    40  list.o(.text)
    xTaskGenericCreate                       0x000018bb   Thumb Code   282  tasks.o(.text)
    vTaskDelete                              0x000019d5   Thumb Code   124  tasks.o(.text)
    xTaskIncrementTick                       0x00001a51   Thumb Code   308  tasks.o(.text)
    xTaskResumeAll                           0x00001b85   Thumb Code   284  tasks.o(.text)
    vTaskSuspendAll                          0x00001cdf   Thumb Code    12  tasks.o(.text)
    vTaskDelayUntil                          0x00001ceb   Thumb Code   154  tasks.o(.text)
    vTaskDelay                               0x00001d85   Thumb Code    72  tasks.o(.text)
    eTaskGetState                            0x00001dcd   Thumb Code    86  tasks.o(.text)
    uxTaskPriorityGet                        0x00001e23   Thumb Code    30  tasks.o(.text)
    vTaskPrioritySet                         0x00001e41   Thumb Code   226  tasks.o(.text)
    vTaskSwitchContext                       0x00001f23   Thumb Code   106  tasks.o(.text)
    vTaskSuspend                             0x00001f8d   Thumb Code   130  tasks.o(.text)
    xTaskIsTaskSuspended                     0x0000200f   Thumb Code   128  tasks.o(.text)
    vTaskResume                              0x0000208f   Thumb Code   104  tasks.o(.text)
    xTaskResumeFromISR                       0x000020f7   Thumb Code   126  tasks.o(.text)
    vTaskStartScheduler                      0x00002247   Thumb Code    74  tasks.o(.text)
    vTaskEndScheduler                        0x00002291   Thumb Code    18  tasks.o(.text)
    xTaskGetTickCount                        0x000022a3   Thumb Code    18  tasks.o(.text)
    xTaskGetTickCountFromISR                 0x000022b5   Thumb Code    26  tasks.o(.text)
    uxTaskGetNumberOfTasks                   0x000022cf   Thumb Code     6  tasks.o(.text)
    vTaskStepTick                            0x000022d5   Thumb Code    46  tasks.o(.text)
    vTaskPlaceOnEventList                    0x00002303   Thumb Code    94  tasks.o(.text)
    vTaskPlaceOnEventListRestricted          0x00002361   Thumb Code    76  tasks.o(.text)
    xTaskRemoveFromEventList                 0x000023ad   Thumb Code   114  tasks.o(.text)
    vTaskSetTimeOutState                     0x0000241f   Thumb Code    98  tasks.o(.text)
    xTaskCheckForTimeOut                     0x00002481   Thumb Code   108  tasks.o(.text)
    vTaskMissedYield                         0x000024ed   Thumb Code     8  tasks.o(.text)
    eTaskConfirmSleepModeStatus              0x000024f5   Thumb Code    22  tasks.o(.text)
    xTaskGetCurrentTaskHandle                0x0000250b   Thumb Code     6  tasks.o(.text)
    xTaskGetSchedulerState                   0x00002511   Thumb Code    24  tasks.o(.text)
    vTaskPriorityInherit                     0x00002529   Thumb Code   156  tasks.o(.text)
    vTaskPriorityDisinherit                  0x000025c5   Thumb Code   106  tasks.o(.text)
    pvPortMalloc                             0x0000271b   Thumb Code   164  heap_4.o(.text)
    vPortFree                                0x000027bf   Thumb Code   112  heap_4.o(.text)
    xPortGetFreeHeapSize                     0x0000282f   Thumb Code     6  heap_4.o(.text)
    vPortInitialiseBlocks                    0x00002835   Thumb Code     2  heap_4.o(.text)
    pxPortInitialiseStack                    0x0000286d   Thumb Code    26  port.o(.text)
    vPortSetupTimerInterrupt                 0x00002887   Thumb Code    46  port.o(.text)
    xPortStartScheduler                      0x000028b5   Thumb Code   140  port.o(.text)
    vPortEndScheduler                        0x00002941   Thumb Code     2  port.o(.text)
    vPortYield                               0x00002943   Thumb Code    20  port.o(.text)
    vPortEnterCritical                       0x00002957   Thumb Code    26  port.o(.text)
    vPortExitCritical                        0x00002971   Thumb Code    26  port.o(.text)
    SysTick_Handler                          0x0000298b   Thumb Code    30  port.o(.text)
    vPortSuppressTicksAndSleep               0x000029a9   Thumb Code   280  port.o(.text)
    vPortUpdateSysTick                       0x00002ac1   Thumb Code    42  port.o(.text)
    vPortStopSysTick                         0x00002aeb   Thumb Code    10  port.o(.text)
    timeout                                  0x00002af5   Thumb Code    40  port.o(.text)
    vPortValidateInterruptPriority           0x00002b1d   Thumb Code    82  port.o(.text)
    __aeabi_memset                           0x00002b95   Thumb Code    16  aeabi_memset.o(.text)
    __use_two_region_memory                  0x00002ba5   Thumb Code     2  heapauxi.o(.text)
    __rt_heap_escrow$2region                 0x00002ba7   Thumb Code     2  heapauxi.o(.text)
    __rt_heap_expand$2region                 0x00002ba9   Thumb Code     2  heapauxi.o(.text)
    __aeabi_memclr                           0x00002bab   Thumb Code     0  rt_memclr.o(.text)
    __rt_memclr                              0x00002bab   Thumb Code    68  rt_memclr.o(.text)
    _memset                                  0x00002baf   Thumb Code     0  rt_memclr.o(.text)
    __aeabi_memclr4                          0x00002bef   Thumb Code     0  rt_memclr_w.o(.text)
    __aeabi_memclr8                          0x00002bef   Thumb Code     0  rt_memclr_w.o(.text)
    __rt_memclr_w                            0x00002bef   Thumb Code    78  rt_memclr_w.o(.text)
    _memset_w                                0x00002bf3   Thumb Code     0  rt_memclr_w.o(.text)
    __user_setup_stackheap                   0x00002c3d   Thumb Code    74  sys_stackheap_outer.o(.text)
    exit                                     0x00002c87   Thumb Code    12  exit.o(.text)
    __user_libspace                          0x00002c95   Thumb Code     8  libspace.o(.text)
    __user_perproc_libspace                  0x00002c95   Thumb Code     0  libspace.o(.text)
    __user_perthread_libspace                0x00002c95   Thumb Code     0  libspace.o(.text)
    _sys_exit                                0x00002c9d   Thumb Code     8  sys_exit.o(.text)
    __I$use$semihosting                      0x00002ca9   Thumb Code     0  use_no_semi.o(.text)
    __use_no_semihosting_swi                 0x00002ca9   Thumb Code     2  use_no_semi.o(.text)
    __semihosting_library_function           0x00002cab   Thumb Code     0  indicate_semi.o(.text)
    Region$$Table$$Base                      0x00002cac   Number         0  anon$$obj.o(Region$$Table)
    Region$$Table$$Limit                     0x00002ccc   Number         0  anon$$obj.o(Region$$Table)
    SystemCoreClock                          0x20000008   Data           4  system_efm32gg.o(.data)
    pxCurrentTCB                             0x2000000c   Data           4  tasks.o(.data)
    __libspace_start                         0x20005f0c   Data          96  libspace.o(.bss)
    __temporary_stack_top$libspace           0x20005f6c   Data           0  libspace.o(.bss)



==============================================================================

Memory Map of the image

  Image Entry point : 0x000000dd

  Load Region LR_IROM1 (Base: 0x00000000, Size: 0x00002d3c, Max: 0x00100000, ABSOLUTE)

    Execution Region ER_IROM1 (Base: 0x00000000, Size: 0x00002ccc, Max: 0x00100000, ABSOLUTE)

    Base Addr    Size         Type   Attr      Idx    E Section Name        Object

    0x00000000   0x000000dc   Data   RO            3    RESET               startup_efm32gg.o
    0x000000dc   0x00000008   Code   RO          600  * !!!main             c_w.l(__main.o)
    0x000000e4   0x00000034   Code   RO          758    !!!scatter          c_w.l(__scatter.o)
    0x00000118   0x0000001a   Code   RO          760    !!handler_copy      c_w.l(__scatter_copy.o)
    0x00000132   0x00000002   PAD
    0x00000134   0x0000001c   Code   RO          762    !!handler_zi        c_w.l(__scatter_zi.o)
    0x00000150   0x00000002   Code   RO          631    .ARM.Collect$$libinit$$00000000  c_w.l(libinit.o)
    0x00000152   0x00000000   Code   RO          638    .ARM.Collect$$libinit$$00000002  c_w.l(libinit2.o)
    0x00000152   0x00000000   Code   RO          641    .ARM.Collect$$libinit$$00000008  c_w.l(libinit2.o)
    0x00000152   0x00000000   Code   RO          643    .ARM.Collect$$libinit$$0000000A  c_w.l(libinit2.o)
    0x00000152   0x00000000   Code   RO          645    .ARM.Collect$$libinit$$0000000C  c_w.l(libinit2.o)
    0x00000152   0x00000000   Code   RO          648    .ARM.Collect$$libinit$$0000000F  c_w.l(libinit2.o)
    0x00000152   0x00000000   Code   RO          650    .ARM.Collect$$libinit$$00000011  c_w.l(libinit2.o)
    0x00000152   0x00000000   Code   RO          652    .ARM.Collect$$libinit$$00000013  c_w.l(libinit2.o)
    0x00000152   0x00000000   Code   RO          654    .ARM.Collect$$libinit$$00000015  c_w.l(libinit2.o)
    0x00000152   0x00000000   Code   RO          656    .ARM.Collect$$libinit$$00000017  c_w.l(libinit2.o)
    0x00000152   0x00000000   Code   RO          658    .ARM.Collect$$libinit$$00000019  c_w.l(libinit2.o)
    0x00000152   0x00000000   Code   RO          660    .ARM.Collect$$libinit$$0000001B  c_w.l(libinit2.o)
    0x00000152   0x00000000   Code   RO          662    .ARM.Collect$$libinit$$0000001D  c_w.l(libinit2.o)
    0x00000152   0x00000000   Code   RO          664    .ARM.Collect$$libinit$$0000001F  c_w.l(libinit2.o)
    0x00000152   0x00000000   Code   RO          666    .ARM.Collect$$libinit$$00000021  c_w.l(libinit2.o)
    0x00000152   0x00000000   Code   RO          668    .ARM.Collect$$libinit$$00000023  c_w.l(libinit2.o)
    0x00000152   0x00000000   Code   RO          672    .ARM.Collect$$libinit$$0000002A  c_w.l(libinit2.o)
    0x00000152   0x00000000   Code   RO          674    .ARM.Collect$$libinit$$0000002C  c_w.l(libinit2.o)
    0x00000152   0x00000000   Code   RO          676    .ARM.Collect$$libinit$$0000002E  c_w.l(libinit2.o)
    0x00000152   0x00000000   Code   RO          678    .ARM.Collect$$libinit$$00000030  c_w.l(libinit2.o)
    0x00000152   0x00000002   Code   RO          679    .ARM.Collect$$libinit$$00000031  c_w.l(libinit2.o)
    0x00000154   0x00000002   Code   RO          699    .ARM.Collect$$libshutdown$$00000000  c_w.l(libshutdown.o)
    0x00000156   0x00000000   Code   RO          713    .ARM.Collect$$libshutdown$$00000003  c_w.l(libshutdown2.o)
    0x00000156   0x00000000   Code   RO          716    .ARM.Collect$$libshutdown$$00000006  c_w.l(libshutdown2.o)
    0x00000156   0x00000000   Code   RO          719    .ARM.Collect$$libshutdown$$00000009  c_w.l(libshutdown2.o)
    0x00000156   0x00000000   Code   RO          721    .ARM.Collect$$libshutdown$$0000000B  c_w.l(libshutdown2.o)
    0x00000156   0x00000000   Code   RO          724    .ARM.Collect$$libshutdown$$0000000E  c_w.l(libshutdown2.o)
    0x00000156   0x00000002   Code   RO          725    .ARM.Collect$$libshutdown$$0000000F  c_w.l(libshutdown2.o)
    0x00000158   0x00000000   Code   RO          602    .ARM.Collect$$rtentry$$00000000  c_w.l(rtentry.o)
    0x00000158   0x00000000   Code   RO          606    .ARM.Collect$$rtentry$$00000002  c_w.l(rtentry2.o)
    0x00000158   0x00000006   Code   RO          618    .ARM.Collect$$rtentry$$00000004  c_w.l(rtentry4.o)
    0x0000015e   0x00000000   Code   RO          608    .ARM.Collect$$rtentry$$00000009  c_w.l(rtentry2.o)
    0x0000015e   0x00000004   Code   RO          609    .ARM.Collect$$rtentry$$0000000A  c_w.l(rtentry2.o)
    0x00000162   0x00000000   Code   RO          611    .ARM.Collect$$rtentry$$0000000C  c_w.l(rtentry2.o)
    0x00000162   0x00000008   Code   RO          612    .ARM.Collect$$rtentry$$0000000D  c_w.l(rtentry2.o)
    0x0000016a   0x00000002   Code   RO          635    .ARM.Collect$$rtexit$$00000000  c_w.l(rtexit.o)
    0x0000016c   0x00000000   Code   RO          681    .ARM.Collect$$rtexit$$00000002  c_w.l(rtexit2.o)
    0x0000016c   0x00000004   Code   RO          682    .ARM.Collect$$rtexit$$00000003  c_w.l(rtexit2.o)
    0x00000170   0x00000006   Code   RO          683    .ARM.Collect$$rtexit$$00000004  c_w.l(rtexit2.o)
    0x00000176   0x00000002   PAD
    0x00000178   0x0000008a   Code   RO          576    .emb_text           port.o
    0x00000202   0x00000002   PAD
    0x00000204   0x00000040   Code   RO            4    .text               startup_efm32gg.o
    0x00000244   0x00000154   Code   RO           13    .text               system_efm32gg.o
    0x00000398   0x0000019c   Code   RO          195    .text               main.o
    0x00000534   0x00000238   Code   RO          285    .text               em_gpio.o
    0x0000076c   0x00000f70   Code   RO          315    .text               em_cmu.o
    0x000016dc   0x00000074   Code   RO          432    .text               em_system.o
    0x00001750   0x00000094   Code   RO          518    .text               list.o
    0x000017e4   0x00000e70   Code   RO          536    .text               tasks.o
    0x00002654   0x000001f8   Code   RO          561    .text               heap_4.o
    0x0000284c   0x00000348   Code   RO          577    .text               port.o
    0x00002b94   0x00000010   Code   RO          596    .text               c_w.l(aeabi_memset.o)
    0x00002ba4   0x00000006   Code   RO          598    .text               c_w.l(heapauxi.o)
    0x00002baa   0x00000044   Code   RO          603    .text               c_w.l(rt_memclr.o)
    0x00002bee   0x0000004e   Code   RO          620    .text               c_w.l(rt_memclr_w.o)
    0x00002c3c   0x0000004a   Code   RO          622    .text               c_w.l(sys_stackheap_outer.o)
    0x00002c86   0x0000000c   Code   RO          624    .text               c_w.l(exit.o)
    0x00002c92   0x00000002   PAD
    0x00002c94   0x00000008   Code   RO          632    .text               c_w.l(libspace.o)
    0x00002c9c   0x0000000c   Code   RO          691    .text               c_w.l(sys_exit.o)
    0x00002ca8   0x00000002   Code   RO          702    .text               c_w.l(use_no_semi.o)
    0x00002caa   0x00000000   Code   RO          704    .text               c_w.l(indicate_semi.o)
    0x00002caa   0x00000002   PAD
    0x00002cac   0x00000020   Data   RO          756    Region$$Table       anon$$obj.o


    Execution Region RW_IRAM1 (Base: 0x20000000, Size: 0x00006f70, Max: 0x00020000, ABSOLUTE)

    Base Addr    Size         Type   Attr      Idx    E Section Name        Object

    0x20000000   0x0000000c   Data   RW           14    .data               system_efm32gg.o
    0x2000000c   0x00000038   Data   RW          538    .data               tasks.o
    0x20000044   0x00000014   Data   RW          563    .data               heap_4.o
    0x20000058   0x00000018   Data   RW          578    .data               port.o
    0x20000070   0x000000dc   Zero   RW          537    .bss                tasks.o
    0x2000014c   0x00005dc0   Zero   RW          562    .bss                heap_4.o
    0x20005f0c   0x00000060   Zero   RW          633    .bss                c_w.l(libspace.o)
    0x20005f6c   0x00000004   PAD
    0x20005f70   0x00000c00   Zero   RW            2    HEAP                startup_efm32gg.o
    0x20006b70   0x00000400   Zero   RW            1    STACK               startup_efm32gg.o


==============================================================================

Image component sizes


      Code (inc. data)   RO Data    RW Data    ZI Data      Debug   Object Name

      3952        270          0          0          0      19507   em_cmu.o
         0          0          0          0          0       1488   em_emu.o
       568         28          0          0          0       7526   em_gpio.o
       116         14          0          0          0       1216   em_system.o
       504         22          0         20      24000       2976   heap_4.o
       148          0          0          0          0       3054   list.o
       412         54          0          0          0      38125   main.o
       978         50          0         24          0       4449   port.o
        64         26        220          0       4096        804   startup_efm32gg.o
       340         56          0         12          0      15686   system_efm32gg.o
      3696        250          0         56        220      14980   tasks.o

    ----------------------------------------------------------------------
     10780        770        252        112      28316     109811   Object Totals
         0          0         32          0          0          0   (incl. Generated)
         2          0          0          0          0          0   (incl. Padding)

    ----------------------------------------------------------------------

      Code (inc. data)   RO Data    RW Data    ZI Data      Debug   Library Member Name

         8          0          0          0          0         68   __main.o
        52          8          0          0          0          0   __scatter.o
        26          0          0          0          0          0   __scatter_copy.o
        28          0          0          0          0          0   __scatter_zi.o
        16          0          0          0          0         68   aeabi_memset.o
        12          0          0          0          0         72   exit.o
         6          0          0          0          0        152   heapauxi.o
         0          0          0          0          0          0   indicate_semi.o
         2          0          0          0          0          0   libinit.o
         2          0          0          0          0          0   libinit2.o
         2          0          0          0          0          0   libshutdown.o
         2          0          0          0          0          0   libshutdown2.o
         8          4          0          0         96         68   libspace.o
        68          0          0          0          0         68   rt_memclr.o
        78          0          0          0          0         80   rt_memclr_w.o
         0          0          0          0          0          0   rtentry.o
        12          0          0          0          0          0   rtentry2.o
         6          0          0          0          0          0   rtentry4.o
         2          0          0          0          0          0   rtexit.o
        10          0          0          0          0          0   rtexit2.o
        12          4          0          0          0         68   sys_exit.o
        74          0          0          0          0         80   sys_stackheap_outer.o
         2          0          0          0          0         68   use_no_semi.o

    ----------------------------------------------------------------------
       436         16          0          0        100        792   Library Totals
         8          0          0          0          4          0   (incl. Padding)

    ----------------------------------------------------------------------

      Code (inc. data)   RO Data    RW Data    ZI Data      Debug   Library Name

       428         16          0          0         96        792   c_w.l

    ----------------------------------------------------------------------
       436         16          0          0        100        792   Library Totals

    ----------------------------------------------------------------------

==============================================================================


      Code (inc. data)   RO Data    RW Data    ZI Data      Debug   

     11216        786        252        112      28416     108991   Grand Totals
     11216        786        252        112      28416     108991   ELF Image Totals
     11216        786        252        112          0          0   ROM Totals

==============================================================================

    Total RO  Size (Code + RO Data)                11468 (  11.20kB)
    Total RW  Size (RW Data + ZI Data)             28528 (  27.86kB)
    Total ROM Size (Code + RO Data + RW Data)      11580 (  11.31kB)

==============================================================================

